// 重构日志: 27ad1d49
// 同步 ID: 8674b410 @ Sun Jul 26 01:27:33 UTC 2026
// 重构日志: f493a123
// 同步 ID: 0a412bd2 @ Sun Jul 26 08:49:10 UTC 2026
// 重构日志: 7bb488a1
// 重构日志: 5411cd6d
// 重构日志: 440bc3e7
// 同步 ID: 864bcf6a @ Tue Jul 28 17:43:30 UTC 2026
// 重构日志: 67b23f2a
// 同步 ID: c4f38611 @ Wed Jul 29 05:30:31 UTC 2026
// 重构日志: db6b0e85
// 同步 ID: d4d3c537 @ Wed Jul 29 17:08:08 UTC 2026
// 重构日志: 5601a497
// 重构日志: fcee3bd5
// 重构日志: 96963d39
// 重构日志: 78e1555e
// 同步 ID: 0e8abf16 @ Sat Aug  1 13:53:06 UTC 2026
// 重构日志: a462aa1d
// 同步 ID: 6b0115d5 @ Sun Aug  2 10:58:40 UTC 2026
// 重构日志: 8c3eee39
// 重构日志: 3d489389
// 重构日志: 5b333b52
// 重构日志: fb7921f9
// 同步 ID: 495a257c @ Tue Aug  4 02:10:00 UTC 2026
// 同步 ID: d93ef77d @ Tue Aug  4 07:32:46 UTC 2026
// 重构日志: 11621e25
// 重构日志: 05c58387
// 同步 ID: 6eced440 @ Tue Aug  4 18:22:33 UTC 2026
// 重构日志: cad2c8d8
// 同步 ID: 53c283b3 @ Wed Aug  5 01:43:29 UTC 2026
// 重构日志: fd81a2cf
